2025-06-09 15:38:00 | DEBUG | repo=a4m36jee-2014-web-seminar | action=commit
2025-11-20 16:00:00 | INFO | repo=a4m36jee-2014-web-seminar | action=commit
2025-09-04 21:13:00 | INFO | repo=a4m36jee-2014-web-seminar | action=commit
2025-03-06 08:01:00 | WARN | repo=a4m36jee-2014-web-seminar | action=test | passed=true
2025-07-13 14:28:00 | INFO | repo=a4m36jee-2014-web-seminar | action=commit
2025-03-25 17:13:00 | INFO | repo=a4m36jee-2014-web-seminar | action=edit | files=1
2025-07-06 20:38:00 | INFO | repo=a4m36jee-2014-web-seminar | action=test | passed=true
2025-02-19 17:21:00 | WARN | repo=a4m36jee-2014-web-seminar | action=edit | files=4
2025-06-18 15:40:00 | WARN | repo=a4m36jee-2014-web-seminar | action=test | passed=true
2025-07-08 20:59:00 | WARN | repo=a4m36jee-2014-web-seminar | action=commit
2025-05-23 07:58:00 | INFO | repo=a4m36jee-2014-web-seminar | action=pull
2025-05-14 17:08:00 | WARN | repo=a4m36jee-2014-web-seminar | action=commit
2025-11-10 16:46:00 | WARN | repo=a4m36jee-2014-web-seminar | action=commit
2025-08-01 18:28:00 | WARN | repo=a4m36jee-2014-web-seminar | action=commit
2025-09-03 09:09:00 | DEBUG | repo=a4m36jee-2014-web-seminar | action=pull
2025-04-10 19:07:00 | INFO | repo=a4m36jee-2014-web-seminar | action=commit
2025-09-12 16:07:00 | INFO | repo=a4m36jee-2014-web-seminar | action=commit
2025-11-14 19:02:00 | WARN | repo=a4m36jee-2014-web-seminar | action=edit | files=5
2025-02-12 07:19:00 | WARN | repo=a4m36jee-2014-web-seminar | action=test | passed=true
2025-05-05 18:57:00 | INFO | repo=a4m36jee-2014-web-seminar | action=commit
2025-04-11 20:21:00 | INFO | repo=a4m36jee-2014-web-seminar | action=commit
2025-08-07 08:14:00 | INFO | repo=a4m36jee-2014-web-seminar | action=commit
2025-03-28 10:45:00 | INFO | repo=a4m36jee-2014-web-seminar | action=commit
2025-06-06 18:58:00 | INFO | repo=a4m36jee-2014-web-seminar | action=commit
2025-05-04 11:58:00 | DEBUG | repo=a4m36jee-2014-web-seminar | action=commit
2025-03-05 12:31:00 | INFO | repo=a4m36jee-2014-web-seminar | action=test | passed=true
2025-03-01 09:18:00 | WARN | repo=a4m36jee-2014-web-seminar | action=commit
2025-04-14 18:09:00 | WARN | repo=a4m36jee-2014-web-seminar | action=commit
2025-06-28 21:15:00 | INFO | repo=a4m36jee-2014-web-seminar | action=commit
2025-11-25 16:54:00 | DEBUG | repo=a4m36jee-2014-web-seminar | action=commit
2025-03-07 07:42:00 | WARN | repo=a4m36jee-2014-web-seminar | action=commit
2025-06-09 14:27:00 | DEBUG | repo=a4m36jee-2014-web-seminar | action=edit | files=5
2025-01-24 18:46:00 | INFO | repo=a4m36jee-2014-web-seminar | action=commit
2025-06-05 11:03:00 | INFO | repo=a4m36jee-2014-web-seminar | action=commit
2025-04-10 21:23:00 | DEBUG | repo=a4m36jee-2014-web-seminar | action=commit
2025-06-28 13:18:00 | WARN | repo=a4m36jee-2014-web-seminar | action=commit
2025-11-22 11:08:00 | INFO | repo=a4m36jee-2014-web-seminar | action=commit
2025-11-20 16:44:00 | INFO | repo=a4m36jee-2014-web-seminar | action=commit
2025-01-24 18:02:00 | WARN | repo=a4m36jee-2014-web-seminar | action=edit | files=5
2025-12-08 17:44:00 | WARN | repo=a4m36jee-2014-web-seminar | action=commit
